Files: 2, Size 0
Files: 2, Size 1622711
Files: 2, Size 3393002
Files: 2, Size 4096000
Files: 4, Size 4096000
Files: 4, Size 4110336
Files: 5, Size 4110336
Files: 5, Size 4128768
Files: 6, Size 4128768
Files: 6, Size 4130816
Files: 7, Size 4130816
Files: 7, Size 4132864
Files: 10, Size 4132864
Files: 10, Size 4149248
Files: 11, Size 4149248
Files: 11, Size 4155392
Files: 12, Size 4155392
Files: 12, Size 4175872
Files: 13, Size 4175872
Files: 13, Size 4182016
Files: 14, Size 4182016
Files: 14, Size 4184064
Files: 15, Size 4184064
Files: 15, Size 4200448
Files: 16, Size 4200448
Files: 16, Size 4216832
Files: 17, Size 4216832
Files: 17, Size 4222976
Files: 18, Size 4222976
Files: 18, Size 4231168
Files: 19, Size 4231168
Files: 19, Size 4239360
