Files: 2, Size 0
Files: 2, Size 934234
Files: 2, Size 1917770
Files: 2, Size 3032362
Files: 2, Size 3622474
Files: 2, Size 4507632
Files: 2, Size 5261602
Files: 2, Size 6015612
Files: 2, Size 6671261
Files: 2, Size 7458073
Files: 2, Size 8113673
Files: 2, Size 8802124
Files: 2, Size 9588931
Files: 2, Size 10342922
Files: 2, Size 11195292
Files: 2, Size 12080423
Files: 2, Size 12288000
Files: 3, Size 12288000
Files: 3, Size 13123958
Files: 3, Size 14468069
Files: 3, Size 15844915
Files: 3, Size 17484041
Files: 3, Size 18432000
Files: 4, Size 18432000
Files: 4, Size 19153167
Files: 4, Size 20825077
Files: 4, Size 22628076
Files: 4, Size 24201662
Files: 4, Size 25988421
Files: 4, Size 27562030
Files: 4, Size 28971682
Files: 4, Size 30479731
Files: 4, Size 32053295
Files: 4, Size 33626806
Files: 4, Size 34816000
Files: 5, Size 34816000
Files: 5, Size 35455213
Files: 5, Size 37258341
Files: 5, Size 38930146
Files: 5, Size 40536633
Files: 5, Size 41946264
Files: 5, Size 43650889
Files: 5, Size 45290048
Files: 5, Size 46765229
Files: 5, Size 47104000
