Files: 2, Size 0
Files: 2, Size 6144
Files: 3, Size 6144
Files: 3, Size 13312
Files: 4, Size 13312
Files: 4, Size 23552
Files: 5, Size 23552
Files: 5, Size 29696
Files: 6, Size 29696
Files: 6, Size 35840
Files: 7, Size 35840
Files: 7, Size 44032
Files: 8, Size 44032
Files: 8, Size 46080
Files: 9, Size 46080
Files: 9, Size 51200
Files: 10, Size 51200
Files: 10, Size 53248
Files: 11, Size 53248
Files: 11, Size 60416
Files: 12, Size 60416
Files: 12, Size 67584
Files: 13, Size 67584
Files: 13, Size 72704
Files: 14, Size 72704
Files: 14, Size 75776
Files: 15, Size 75776
Files: 15, Size 84992
Files: 16, Size 84992
Files: 16, Size 88064
Files: 17, Size 88064
Files: 17, Size 95232
Files: 18, Size 95232
Files: 18, Size 101376
Files: 19, Size 101376
Files: 19, Size 103424
Files: 20, Size 103424
Files: 20, Size 106496
Files: 21, Size 106496
Files: 21, Size 109568
Files: 22, Size 109568
Files: 22, Size 118784
Files: 23, Size 118784
Files: 23, Size 128000
Files: 24, Size 128000
Files: 24, Size 130048
Files: 25, Size 130048
Files: 25, Size 136192
Files: 26, Size 136192
Files: 26, Size 146432
Files: 27, Size 146432
Files: 27, Size 156672
Files: 28, Size 156672
Files: 28, Size 164864
Files: 29, Size 164864
Files: 29, Size 168960
Files: 30, Size 168960
Files: 30, Size 169984
Files: 31, Size 169984
Files: 31, Size 172032
